[debug] [2025-11-17T04:33:55.797Z] ----------------------------------------------------------------------
[debug] [2025-11-17T04:33:55.803Z] Command:       /opt/homebrew/Cellar/node/23.6.1/bin/node /opt/homebrew/bin/firebase init
[debug] [2025-11-17T04:33:55.803Z] CLI Version:   14.15.1
[debug] [2025-11-17T04:33:55.803Z] Platform:      darwin
[debug] [2025-11-17T04:33:55.803Z] Node Version:  v23.6.1
[debug] [2025-11-17T04:33:55.803Z] Time:          Mon Nov 17 2025 10:03:55 GMT+0530 (India Standard Time)
[debug] [2025-11-17T04:33:55.803Z] ----------------------------------------------------------------------
[debug] 
[debug] [2025-11-17T04:33:55.804Z] >>> [apiv2][query] GET https://firebase-public.firebaseio.com/cli.json [none]
[debug] [2025-11-17T04:33:55.826Z] > command requires scopes: ["email","openid","https://www.googleapis.com/auth/cloudplatformprojects.readonly","https://www.googleapis.com/auth/firebase","https://www.googleapis.com/auth/cloud-platform"]
[debug] [2025-11-17T04:33:55.826Z] > authorizing via signed-in user (akshitwadhwa06@gmail.com)
[info] 
     ######## #### ########  ######## ########     ###     ######  ########
     ##        ##  ##     ## ##       ##     ##  ##   ##  ##       ##
     ######    ##  ########  ######   ########  #########  ######  ######
     ##        ##  ##    ##  ##       ##     ## ##     ##       ## ##
     ##       #### ##     ## ######## ########  ##     ##  ######  ########

You're about to initialize a Firebase project in this directory:

  /Users/Lenovo/Desktop/5th sem work/SIGN-2-SPEECH/model-training

[debug] [2025-11-17T04:33:56.724Z] <<< [apiv2][status] GET https://firebase-public.firebaseio.com/cli.json 200
[debug] [2025-11-17T04:33:56.724Z] <<< [apiv2][body] GET https://firebase-public.firebaseio.com/cli.json {"cloudBuildErrorAfter":1594252800000,"cloudBuildWarnAfter":1590019200000,"defaultNode10After":1594252800000,"minVersion":"3.0.5","node8DeploysDisabledAfter":1613390400000,"node8RuntimeDisabledAfter":1615809600000,"node8WarnAfter":1600128000000}
[debug] [2025-11-17T04:34:00.137Z] ExitPromptError: User force closed the prompt with SIGINT
    at Interface.sigint (/opt/homebrew/lib/node_modules/firebase-tools/node_modules/@inquirer/core/dist/commonjs/lib/create-prompt.js:101:37)
    at Interface.emit (node:events:507:28)
    at Interface.emit (node:domain:489:12)
    at [_ttyWrite] [as _ttyWrite] (node:internal/readline/interface:1125:18)
    at ReadStream.onkeypress (node:internal/readline/interface:264:20)
    at ReadStream.emit (node:events:519:35)
    at ReadStream.emit (node:domain:489:12)
    at emitKeys (node:internal/readline/utils:370:14)
    at emitKeys.next (<anonymous>)
    at ReadStream.onData (node:internal/readline/emitKeypressEvents:64:36)
[error] 
[error] Error: An unexpected error has occurred.
